
/home/runner/work/exp-scoreboarding-register-iiith/exp-scoreboarding-register-iiith/experiment/simulation/js/components/FunctionalUnitStatus.js
  3:7  warning  'FunctionalUnitStatus' is defined but never used  no-unused-vars

/home/runner/work/exp-scoreboarding-register-iiith/exp-scoreboarding-register-iiith/experiment/simulation/js/components/InstructionBuilder.js
    3:7   warning  'InstructionBuilder' is defined but never used  no-unused-vars
   18:41  warning  'INSTRUCTION_TYPES' is not defined              no-undef
   44:13  warning  'INSTRUCTION_TYPES' is not defined              no-undef
   45:13  warning  'INSTRUCTION_TYPES' is not defined              no-undef
   46:13  warning  'INSTRUCTION_TYPES' is not defined              no-undef
   47:13  warning  'INSTRUCTION_TYPES' is not defined              no-undef
   48:13  warning  'INSTRUCTION_TYPES' is not defined              no-undef
   52:13  warning  'INSTRUCTION_TYPES' is not defined              no-undef
   53:13  warning  'INSTRUCTION_TYPES' is not defined              no-undef
   54:13  warning  'INSTRUCTION_TYPES' is not defined              no-undef
   55:13  warning  'INSTRUCTION_TYPES' is not defined              no-undef
   58:22  warning  'INSTRUCTION_TYPES' is not defined              no-undef
   66:31  warning  'FP_REGISTERS' is not defined                   no-undef
   71:31  warning  'INT_REGISTERS' is not defined                  no-undef
   82:27  warning  'INT_REGISTERS' is not defined                  no-undef
   93:29  warning  'INSTRUCTION_TYPES' is not defined              no-undef
  101:31  warning  'FP_REGISTERS' is not defined                   no-undef
  106:31  warning  'INT_REGISTERS' is not defined                  no-undef
  117:27  warning  'INT_REGISTERS' is not defined                  no-undef
  135:27  warning  'INT_REGISTERS' is not defined                  no-undef
  145:27  warning  'INT_REGISTERS' is not defined                  no-undef
  155:27  warning  'INT_REGISTERS' is not defined                  no-undef
  168:27  warning  'FP_REGISTERS' is not defined                   no-undef
  178:27  warning  'FP_REGISTERS' is not defined                   no-undef
  188:27  warning  'FP_REGISTERS' is not defined                   no-undef
  224:22  warning  'INSTRUCTION_TYPES' is not defined              no-undef
  249:29  warning  'INSTRUCTION_TYPES' is not defined              no-undef

/home/runner/work/exp-scoreboarding-register-iiith/exp-scoreboarding-register-iiith/experiment/simulation/js/components/InstructionList.js
    3:7   warning  'InstructionList' is defined but never used  no-unused-vars
  105:34  warning  'INSTRUCTION_TYPES' is not defined           no-undef
  107:41  warning  'INSTRUCTION_TYPES' is not defined           no-undef

/home/runner/work/exp-scoreboarding-register-iiith/exp-scoreboarding-register-iiith/experiment/simulation/js/components/InstructionStatus.js
    3:7   warning  'InstructionStatus' is defined but never used  no-unused-vars
   29:31  warning  'INSTRUCTION_STAGES' is not defined            no-undef
   30:31  warning  'INSTRUCTION_STAGES' is not defined            no-undef
   31:31  warning  'INSTRUCTION_STAGES' is not defined            no-undef
   32:31  warning  'INSTRUCTION_STAGES' is not defined            no-undef
   43:51  warning  'INSTRUCTION_STAGES' is not defined            no-undef
   44:51  warning  'INSTRUCTION_STAGES' is not defined            no-undef
   45:51  warning  'INSTRUCTION_STAGES' is not defined            no-undef
   46:51  warning  'INSTRUCTION_STAGES' is not defined            no-undef
   90:23  warning  'INSTRUCTION_STAGES' is not defined            no-undef
   92:60  warning  'INSTRUCTION_STAGES' is not defined            no-undef
  111:34  warning  'INSTRUCTION_STAGES' is not defined            no-undef
  166:18  warning  'INSTRUCTION_STAGES' is not defined            no-undef
  168:18  warning  'INSTRUCTION_STAGES' is not defined            no-undef
  170:18  warning  'INSTRUCTION_STAGES' is not defined            no-undef
  172:18  warning  'INSTRUCTION_STAGES' is not defined            no-undef
  194:34  warning  'INSTRUCTION_TYPES' is not defined             no-undef
  196:41  warning  'INSTRUCTION_TYPES' is not defined             no-undef

/home/runner/work/exp-scoreboarding-register-iiith/exp-scoreboarding-register-iiith/experiment/simulation/js/components/LatencyConfig.js
   3:7   warning  'LatencyConfig' is defined but never used  no-unused-vars
  17:25  warning  'INSTRUCTION_TYPES' is not defined         no-undef
  18:25  warning  'INSTRUCTION_TYPES' is not defined         no-undef
  21:25  warning  'INSTRUCTION_TYPES' is not defined         no-undef
  22:25  warning  'INSTRUCTION_TYPES' is not defined         no-undef
  25:25  warning  'INSTRUCTION_TYPES' is not defined         no-undef
  26:25  warning  'INSTRUCTION_TYPES' is not defined         no-undef
  27:25  warning  'INSTRUCTION_TYPES' is not defined         no-undef
  28:25  warning  'INSTRUCTION_TYPES' is not defined         no-undef
  31:25  warning  'INSTRUCTION_TYPES' is not defined         no-undef
  32:25  warning  'INSTRUCTION_TYPES' is not defined         no-undef
  33:25  warning  'INSTRUCTION_TYPES' is not defined         no-undef

/home/runner/work/exp-scoreboarding-register-iiith/exp-scoreboarding-register-iiith/experiment/simulation/js/components/PhysicalRegisterStatus.js
    3:7   warning  'PhysicalRegisterStatus' is defined but never used  no-unused-vars
  117:18  warning  'PHYS_REG_STATUS' is not defined                    no-undef
  123:18  warning  'PHYS_REG_STATUS' is not defined                    no-undef
  129:18  warning  'PHYS_REG_STATUS' is not defined                    no-undef
  146:18  warning  'PHYS_REG_STATUS' is not defined                    no-undef
  148:18  warning  'PHYS_REG_STATUS' is not defined                    no-undef
  150:18  warning  'PHYS_REG_STATUS' is not defined                    no-undef
  164:60  warning  'PHYS_REG_STATUS' is not defined                    no-undef
  192:26  warning  'PHYS_REG_STATUS' is not defined                    no-undef
  195:26  warning  'PHYS_REG_STATUS' is not defined                    no-undef
  198:26  warning  'PHYS_REG_STATUS' is not defined                    no-undef
  215:26  warning  'INSTRUCTION_STAGES' is not defined                 no-undef
  216:26  warning  'INSTRUCTION_STAGES' is not defined                 no-undef
  223:47  warning  'idx' is defined but never used                     no-unused-vars

/home/runner/work/exp-scoreboarding-register-iiith/exp-scoreboarding-register-iiith/experiment/simulation/js/components/RenameTable.js
    3:7   warning  'RenameTable' is defined but never used  no-unused-vars
   27:9   warning  'FP_REGISTERS' is not defined            no-undef
   62:9   warning  'INT_REGISTERS' is not defined           no-undef
  110:25  warning  'FP_REGISTERS' is not defined            no-undef
  116:26  warning  'INT_REGISTERS' is not defined           no-undef
  133:18  warning  'PHYS_REG_STATUS' is not defined         no-undef
  135:18  warning  'PHYS_REG_STATUS' is not defined         no-undef
  137:18  warning  'PHYS_REG_STATUS' is not defined         no-undef
  155:18  warning  'PHYS_REG_STATUS' is not defined         no-undef
  158:18  warning  'PHYS_REG_STATUS' is not defined         no-undef
  166:18  warning  'PHYS_REG_STATUS' is not defined         no-undef

/home/runner/work/exp-scoreboarding-register-iiith/exp-scoreboarding-register-iiith/experiment/simulation/js/main.js
    5:28  warning  'RenamingScoreboard' is not defined                      no-undef
    6:27  warning  'RenamingScoreboardValidator' is not defined             no-undef
    7:35  warning  'RenamingFeedbackGenerator' is not defined               no-undef
   23:9   warning  'instructionBuilder' is assigned a value but never used  no-unused-vars
   26:34  warning  'InstructionBuilder' is not defined                      no-undef
   32:31  warning  'InstructionList' is not defined                         no-undef
   39:33  warning  'InstructionStatus' is not defined                       no-undef
   47:36  warning  'FunctionalUnitStatus' is not defined                    no-undef
   53:27  warning  'RenameTable' is not defined                             no-undef
   58:38  warning  'PhysicalRegisterStatus' is not defined                  no-undef
   64:33  warning  'LatencyConfig' is not defined                           no-undef
   71:39  warning  'LatencyConfig' is not defined                           no-undef
  156:18  warning  'INSTRUCTION_STAGES' is not defined                      no-undef
  159:18  warning  'INSTRUCTION_STAGES' is not defined                      no-undef
  162:18  warning  'INSTRUCTION_STAGES' is not defined                      no-undef
  165:18  warning  'INSTRUCTION_STAGES' is not defined                      no-undef
  189:18  warning  'INSTRUCTION_STAGES' is not defined                      no-undef
  192:18  warning  'INSTRUCTION_STAGES' is not defined                      no-undef
  195:18  warning  'INSTRUCTION_STAGES' is not defined                      no-undef
  198:18  warning  'INSTRUCTION_STAGES' is not defined                      no-undef
  216:18  warning  'INSTRUCTION_STAGES' is not defined                      no-undef
  218:18  warning  'INSTRUCTION_STAGES' is not defined                      no-undef
  220:18  warning  'INSTRUCTION_STAGES' is not defined                      no-undef
  222:18  warning  'INSTRUCTION_STAGES' is not defined                      no-undef

/home/runner/work/exp-scoreboarding-register-iiith/exp-scoreboarding-register-iiith/experiment/simulation/js/utils/feedbackGenerator.js
    3:7   warning  'RenamingFeedbackGenerator' is defined but never used  no-unused-vars
   38:18  warning  'INSTRUCTION_STAGES' is not defined                    no-undef
   39:17  warning  Unexpected lexical declaration in case block           no-case-declarations
   42:17  warning  Unexpected lexical declaration in case block           no-case-declarations
   52:18  warning  'INSTRUCTION_STAGES' is not defined                    no-undef
   53:17  warning  Unexpected lexical declaration in case block           no-case-declarations
   56:17  warning  Unexpected lexical declaration in case block           no-case-declarations
   66:18  warning  'INSTRUCTION_STAGES' is not defined                    no-undef
   72:18  warning  'INSTRUCTION_STAGES' is not defined                    no-undef
   73:17  warning  Unexpected lexical declaration in case block           no-case-declarations
  137:34  warning  'INSTRUCTION_TYPES' is not defined                     no-undef
  139:41  warning  'INSTRUCTION_TYPES' is not defined                     no-undef
  173:32  warning  'INSTRUCTION_STAGES' is not defined                    no-undef
  175:39  warning  'INSTRUCTION_STAGES' is not defined                    no-undef
  177:39  warning  'INSTRUCTION_STAGES' is not defined                    no-undef
  227:26  warning  'INSTRUCTION_STAGES' is not defined                    no-undef
  228:26  warning  'INSTRUCTION_STAGES' is not defined                    no-undef

/home/runner/work/exp-scoreboarding-register-iiith/exp-scoreboarding-register-iiith/experiment/simulation/js/utils/scoreboard.js
    3:7   warning  'RenamingScoreboard' is defined but never used      no-unused-vars
    7:58  warning  'DEFAULT_FUNCTIONAL_UNITS' is not defined           no-undef
    8:31  warning  'createDefaultRegisterStatus' is not defined        no-undef
    9:37  warning  'DEFAULT_EXECUTION_CYCLES' is not defined           no-undef
   14:28  warning  'createDefaultRenameTable' is not defined           no-undef
   15:34  warning  'createInitialPhysicalRegisterFile' is not defined  no-undef
   24:58  warning  'DEFAULT_FUNCTIONAL_UNITS' is not defined           no-undef
   25:31  warning  'createDefaultRegisterStatus' is not defined        no-undef
   30:28  warning  'createDefaultRenameTable' is not defined           no-undef
   31:34  warning  'createInitialPhysicalRegisterFile' is not defined  no-undef
   64:18  warning  'INSTRUCTION_STAGES' is not defined                 no-undef
   65:18  warning  'INSTRUCTION_STAGES' is not defined                 no-undef
   66:18  warning  'INSTRUCTION_STAGES' is not defined                 no-undef
   67:18  warning  'INSTRUCTION_STAGES' is not defined                 no-undef
   77:58  warning  'DEFAULT_FUNCTIONAL_UNITS' is not defined           no-undef
   80:28  warning  'createDefaultRenameTable' is not defined           no-undef
   81:34  warning  'createInitialPhysicalRegisterFile' is not defined  no-undef
   82:31  warning  'createDefaultRegisterStatus' is not defined        no-undef
   97:18  warning  'INSTRUCTION_STAGES' is not defined                 no-undef
   98:18  warning  'INSTRUCTION_STAGES' is not defined                 no-undef
   99:18  warning  'INSTRUCTION_STAGES' is not defined                 no-undef
  100:18  warning  'INSTRUCTION_STAGES' is not defined                 no-undef
  110:58  warning  'DEFAULT_FUNCTIONAL_UNITS' is not defined           no-undef
  111:31  warning  'createDefaultRegisterStatus' is not defined        no-undef
  112:28  warning  'createDefaultRenameTable' is not defined           no-undef
  113:34  warning  'createInitialPhysicalRegisterFile' is not defined  no-undef
  135:25  warning  'PHYS_REG_STATUS' is not defined                    no-undef
  145:53  warning  'PHYS_REG_STATUS' is not defined                    no-undef
  160:34  warning  'PHYS_REG_STATUS' is not defined                    no-undef
  190:54  warning  'PHYS_REG_STATUS' is not defined                    no-undef
  206:18  warning  'INSTRUCTION_STAGES' is not defined                 no-undef
  207:18  warning  'INSTRUCTION_STAGES' is not defined                 no-undef
  208:18  warning  'INSTRUCTION_STAGES' is not defined                 no-undef
  209:18  warning  'INSTRUCTION_STAGES' is not defined                 no-undef
  241:35  warning  'INSTRUCTION_TO_FUNCTIONAL_UNIT' is not defined     no-undef
  268:28  warning  'INSTRUCTION_STAGES' is not defined                 no-undef
  272:39  warning  'INSTRUCTION_TO_FUNCTIONAL_UNIT' is not defined     no-undef
  372:28  warning  'INSTRUCTION_STAGES' is not defined                 no-undef
  411:28  warning  'INSTRUCTION_STAGES' is not defined                 no-undef
  433:28  warning  'INSTRUCTION_STAGES' is not defined                 no-undef
  437:67  warning  'PHYS_REG_STATUS' is not defined                    no-undef
  481:26  warning  'INSTRUCTION_STAGES' is not defined                 no-undef
  509:65  warning  'INSTRUCTION_STAGES' is not defined                 no-undef
  529:26  warning  'INSTRUCTION_STAGES' is not defined                 no-undef
  538:40  warning  'INSTRUCTION_STAGES' is not defined                 no-undef
  542:57  warning  'INSTRUCTION_STAGES' is not defined                 no-undef
  568:36  warning  'INSTRUCTION_STAGES' is not defined                 no-undef
  573:36  warning  'INSTRUCTION_STAGES' is not defined                 no-undef
  574:36  warning  'INSTRUCTION_STAGES' is not defined                 no-undef
  583:36  warning  'INSTRUCTION_STAGES' is not defined                 no-undef
  584:36  warning  'INSTRUCTION_STAGES' is not defined                 no-undef
  585:36  warning  'INSTRUCTION_STAGES' is not defined                 no-undef
  594:36  warning  'INSTRUCTION_STAGES' is not defined                 no-undef
  595:36  warning  'INSTRUCTION_STAGES' is not defined                 no-undef
  596:36  warning  'INSTRUCTION_STAGES' is not defined                 no-undef
  609:32  warning  'INSTRUCTION_STAGES' is not defined                 no-undef
  616:49  warning  'INSTRUCTION_STAGES' is not defined                 no-undef
  623:35  warning  'INSTRUCTION_STAGES' is not defined                 no-undef
  625:39  warning  'INSTRUCTION_STAGES' is not defined                 no-undef
  627:36  warning  'INSTRUCTION_STAGES' is not defined                 no-undef
  631:39  warning  'INSTRUCTION_STAGES' is not defined                 no-undef
  634:39  warning  'INSTRUCTION_STAGES' is not defined                 no-undef
  638:36  warning  'INSTRUCTION_STAGES' is not defined                 no-undef
  639:35  warning  'INSTRUCTION_STAGES' is not defined                 no-undef
  641:39  warning  'INSTRUCTION_STAGES' is not defined                 no-undef
  643:36  warning  'INSTRUCTION_STAGES' is not defined                 no-undef
  644:35  warning  'INSTRUCTION_STAGES' is not defined                 no-undef

/home/runner/work/exp-scoreboarding-register-iiith/exp-scoreboarding-register-iiith/experiment/simulation/js/utils/types.js
   28:7   warning  'INSTRUCTION_STAGES' is assigned a value but never used              no-unused-vars
   36:7   warning  'DEFAULT_EXECUTION_CYCLES' is assigned a value but never used        no-unused-vars
   51:7   warning  'INSTRUCTION_TO_FUNCTIONAL_UNIT' is assigned a value but never used  no-unused-vars
   82:7   warning  'DEFAULT_FUNCTIONAL_UNITS' is assigned a value but never used        no-unused-vars
  151:10  warning  'createDefaultRenameTable' is defined but never used                 no-unused-vars
  168:10  warning  'createInitialPhysicalRegisterFile' is defined but never used        no-unused-vars
  203:10  warning  'createDefaultRegisterStatus' is defined but never used              no-unused-vars

/home/runner/work/exp-scoreboarding-register-iiith/exp-scoreboarding-register-iiith/experiment/simulation/js/utils/validation.js
    3:7    warning  'RenamingScoreboardValidator' is defined but never used  no-unused-vars
   21:32   warning  'INSTRUCTION_STAGES' is not defined                      no-undef
   30:56   warning  'INSTRUCTION_STAGES' is not defined                      no-undef
   41:39   warning  'INSTRUCTION_TO_FUNCTIONAL_UNIT' is not defined          no-undef
   67:32   warning  'INSTRUCTION_STAGES' is not defined                      no-undef
   75:32   warning  'INSTRUCTION_STAGES' is not defined                      no-undef
   78:89   warning  'INSTRUCTION_STAGES' is not defined                      no-undef
   83:32   warning  'INSTRUCTION_STAGES' is not defined                      no-undef
   86:121  warning  'INSTRUCTION_STAGES' is not defined                      no-undef
  143:32   warning  'INSTRUCTION_STAGES' is not defined                      no-undef
  151:32   warning  'INSTRUCTION_STAGES' is not defined                      no-undef
  202:32   warning  'INSTRUCTION_STAGES' is not defined                      no-undef
  210:32   warning  'INSTRUCTION_STAGES' is not defined                      no-undef
  254:32   warning  'INSTRUCTION_STAGES' is not defined                      no-undef
  258:35   warning  'INSTRUCTION_STAGES' is not defined                      no-undef
  260:39   warning  'INSTRUCTION_STAGES' is not defined                      no-undef
  264:35   warning  'INSTRUCTION_STAGES' is not defined                      no-undef
  266:39   warning  'INSTRUCTION_STAGES' is not defined                      no-undef
  270:35   warning  'INSTRUCTION_STAGES' is not defined                      no-undef
  272:39   warning  'INSTRUCTION_STAGES' is not defined                      no-undef
  276:35   warning  'INSTRUCTION_STAGES' is not defined                      no-undef

✖ 222 problems (0 errors, 222 warnings)

